[   31654ms] [LOG] Migrate redux store version 2 @ https://banggia.dnse.com.vn/_app/immutable/chunks/CSewJh0Y.js:940
[   31920ms] [ERROR] Access to fetch at 'https://sentry.entrade.com.vn/api/21/envelope/?sentry_key=40fbc8c4e23b4733bd527e29e39109f7&sentry_version=7&sentry_client=sentry.javascript.svelte%2F7.74.1' from origin 'https://banggia.dnse.com.vn' has been blocked by CORS policy: No 'Access-Control-Allow-Origin' header is present on the requested resource. @ https://banggia.dnse.com.vn/:0
[   31920ms] [ERROR] Failed to load resource: net::ERR_FAILED @ https://sentry.entrade.com.vn/api/21/envelope/?sentry_key=40fbc8c4e23b4733bd527e29e39109f7&sentry_version=7&sentry_client=sentry.javascript.svelte%2F7.74.1:0
[   31951ms] [LOG] fetch failed: if this is reported on cors on local env, please ignore it TypeError: Failed to fetch
    at TimeSync.calculateTimeDiff (https://banggia.dnse.com.vn/assets/socketWorker.e36e3f39.js:1:1365468)
    at new TimeSync (https://banggia.dnse.com.vn/assets/socketWorker.e36e3f39.js:1:1365206)
    at TimeSync.getInstance (https://banggia.dnse.com.vn/assets/socketWorker.e36e3f39.js:1:1365340)
    at https://banggia.dnse.com.vn/assets/socketWorker.e36e3f39.js:1:1365826
    at https://banggia.dnse.com.vn/assets/socketWorker.e36e3f39.js:1:1372302 @ https://banggia.dnse.com.vn/assets/socketWorker.e36e3f39.js:0
[   32068ms] [LOG] fetch failed: if this is reported on cors on local env, please ignore it TypeError: Failed to fetch
    at TimeSync.calculateTimeDiff (https://banggia.dnse.com.vn/assets/socketWorker.e36e3f39.js:1:1365468)
    at new TimeSync (https://banggia.dnse.com.vn/assets/socketWorker.e36e3f39.js:1:1365206)
    at TimeSync.getInstance (https://banggia.dnse.com.vn/assets/socketWorker.e36e3f39.js:1:1365340)
    at https://banggia.dnse.com.vn/assets/socketWorker.e36e3f39.js:1:1365826
    at https://banggia.dnse.com.vn/assets/socketWorker.e36e3f39.js:1:1372302 @ https://banggia.dnse.com.vn/assets/socketWorker.e36e3f39.js:0
[   32273ms] [INFO] [adjust-sdk] 2026-10-04T07:16:19.638Z INFO:  Log level set to error @ https://banggia.dnse.com.vn/_app/immutable/chunks/B8k3mTDZ.js:6
[   32389ms] [ERROR] Failed to load resource: net::ERR_CERT_AUTHORITY_INVALID @ https://38965e009d26e4203dbb75873d6dd5a0.azr.footprintdns.com/apc/trans.gif?7f7bbc05a7c044066c8a8916a6eb388f:0
[   32472ms] [WARNING] [TikTok Pixel] - Duplicate Pixel ID
Issue: The pixel ID is duplicate. This could impact the pixel data accuracy.
Suggestion: Please double check and delete any unnecessary pixel code. @ https://banggia.dnse.com.vn/_app/immutable/chunks/B8k3mTDZ.js:6
[   33237ms] [ERROR] Failed to load resource: net::ERR_CERT_AUTHORITY_INVALID @ https://8446dd63343501d01e9d85df4c176ebd.azr.footprintdns.com/apc/trans.gif?8f7ba2e2f361590993b17bdabeefafab:0
[   34377ms] [ERROR] Access to fetch at 'https://sentry.entrade.com.vn/api/21/envelope/?sentry_key=40fbc8c4e23b4733bd527e29e39109f7&sentry_version=7&sentry_client=sentry.javascript.svelte%2F7.74.1' from origin 'https://banggia.dnse.com.vn' has been blocked by CORS policy: No 'Access-Control-Allow-Origin' header is present on the requested resource. @ https://banggia.dnse.com.vn/:0
[   34377ms] [ERROR] Failed to load resource: net::ERR_FAILED @ https://sentry.entrade.com.vn/api/21/envelope/?sentry_key=40fbc8c4e23b4733bd527e29e39109f7&sentry_version=7&sentry_client=sentry.javascript.svelte%2F7.74.1:0
[   45994ms] [LOG] Migrate redux store version 2 @ https://banggia.dnse.com.vn/_app/immutable/chunks/CSewJh0Y.js:940
[   46076ms] [ERROR] Access to fetch at 'https://sentry.entrade.com.vn/api/21/envelope/?sentry_key=40fbc8c4e23b4733bd527e29e39109f7&sentry_version=7&sentry_client=sentry.javascript.svelte%2F7.74.1' from origin 'https://banggia.dnse.com.vn' has been blocked by CORS policy: No 'Access-Control-Allow-Origin' header is present on the requested resource. @ https://banggia.dnse.com.vn/:0
[   46076ms] [ERROR] Failed to load resource: net::ERR_FAILED @ https://sentry.entrade.com.vn/api/21/envelope/?sentry_key=40fbc8c4e23b4733bd527e29e39109f7&sentry_version=7&sentry_client=sentry.javascript.svelte%2F7.74.1:0
[   46203ms] [LOG] fetch failed: if this is reported on cors on local env, please ignore it TypeError: Failed to fetch
    at TimeSync.calculateTimeDiff (https://banggia.dnse.com.vn/assets/socketWorker.e36e3f39.js:1:1365468)
    at new TimeSync (https://banggia.dnse.com.vn/assets/socketWorker.e36e3f39.js:1:1365206)
    at TimeSync.getInstance (https://banggia.dnse.com.vn/assets/socketWorker.e36e3f39.js:1:1365340)
    at https://banggia.dnse.com.vn/assets/socketWorker.e36e3f39.js:1:1365826
    at https://banggia.dnse.com.vn/assets/socketWorker.e36e3f39.js:1:1372302 @ https://banggia.dnse.com.vn/assets/socketWorker.e36e3f39.js:0
[   46264ms] [LOG] fetch failed: if this is reported on cors on local env, please ignore it TypeError: Failed to fetch
    at TimeSync.calculateTimeDiff (https://banggia.dnse.com.vn/assets/socketWorker.e36e3f39.js:1:1365468)
    at new TimeSync (https://banggia.dnse.com.vn/assets/socketWorker.e36e3f39.js:1:1365206)
    at TimeSync.getInstance (https://banggia.dnse.com.vn/assets/socketWorker.e36e3f39.js:1:1365340)
    at https://banggia.dnse.com.vn/assets/socketWorker.e36e3f39.js:1:1365826
    at https://banggia.dnse.com.vn/assets/socketWorker.e36e3f39.js:1:1372302 @ https://banggia.dnse.com.vn/assets/socketWorker.e36e3f39.js:0
[   46451ms] [INFO] [adjust-sdk] 2026-10-04T07:16:33.816Z INFO:  Log level set to error @ https://banggia.dnse.com.vn/_app/immutable/chunks/B8k3mTDZ.js:6
[   46589ms] [WARNING] [TikTok Pixel] - Duplicate Pixel ID
Issue: The pixel ID is duplicate. This could impact the pixel data accuracy.
Suggestion: Please double check and delete any unnecessary pixel code. @ https://banggia.dnse.com.vn/_app/immutable/chunks/B8k3mTDZ.js:6
[   48795ms] [ERROR] Access to fetch at 'https://sentry.entrade.com.vn/api/21/envelope/?sentry_key=40fbc8c4e23b4733bd527e29e39109f7&sentry_version=7&sentry_client=sentry.javascript.svelte%2F7.74.1' from origin 'https://banggia.dnse.com.vn' has been blocked by CORS policy: No 'Access-Control-Allow-Origin' header is present on the requested resource. @ https://banggia.dnse.com.vn/:0
[   48795ms] [ERROR] Failed to load resource: net::ERR_FAILED @ https://sentry.entrade.com.vn/api/21/envelope/?sentry_key=40fbc8c4e23b4733bd527e29e39109f7&sentry_version=7&sentry_client=sentry.javascript.svelte%2F7.74.1:0
[  103428ms] [WARNING] `container_id` is now deprecated. Please use `container` instead to either still pass a string or an `HTMLElement`. @ https://banggia.dnse.com.vn/_app/immutable/chunks/B8k3mTDZ.js:6
[  103843ms] [ERROR] Access to fetch at 'https://sentry.entrade.com.vn/api/21/envelope/?sentry_key=40fbc8c4e23b4733bd527e29e39109f7&sentry_version=7&sentry_client=sentry.javascript.svelte%2F7.74.1' from origin 'https://banggia.dnse.com.vn' has been blocked by CORS policy: No 'Access-Control-Allow-Origin' header is present on the requested resource. @ https://banggia.dnse.com.vn/phaisinh?symbol=VN30F1M:0
[  103843ms] [ERROR] Failed to load resource: net::ERR_FAILED @ https://sentry.entrade.com.vn/api/21/envelope/?sentry_key=40fbc8c4e23b4733bd527e29e39109f7&sentry_version=7&sentry_client=sentry.javascript.svelte%2F7.74.1:0
[  103849ms] [ERROR] Access to fetch at 'https://sentry.entrade.com.vn/api/21/envelope/?sentry_key=40fbc8c4e23b4733bd527e29e39109f7&sentry_version=7&sentry_client=sentry.javascript.svelte%2F7.74.1' from origin 'https://banggia.dnse.com.vn' has been blocked by CORS policy: No 'Access-Control-Allow-Origin' header is present on the requested resource. @ https://banggia.dnse.com.vn/phaisinh?symbol=VN30F1M:0
[  103849ms] [ERROR] Failed to load resource: net::ERR_FAILED @ https://sentry.entrade.com.vn/api/21/envelope/?sentry_key=40fbc8c4e23b4733bd527e29e39109f7&sentry_version=7&sentry_client=sentry.javascript.svelte%2F7.74.1:0
[  103850ms] [ERROR] Access to fetch at 'https://sentry.entrade.com.vn/api/21/envelope/?sentry_key=40fbc8c4e23b4733bd527e29e39109f7&sentry_version=7&sentry_client=sentry.javascript.svelte%2F7.74.1' from origin 'https://banggia.dnse.com.vn' has been blocked by CORS policy: No 'Access-Control-Allow-Origin' header is present on the requested resource. @ https://banggia.dnse.com.vn/phaisinh?symbol=VN30F1M:0
[  103850ms] [ERROR] Failed to load resource: net::ERR_FAILED @ https://sentry.entrade.com.vn/api/21/envelope/?sentry_key=40fbc8c4e23b4733bd527e29e39109f7&sentry_version=7&sentry_client=sentry.javascript.svelte%2F7.74.1:0
[  106182ms] [ERROR] Access to fetch at 'https://sentry.entrade.com.vn/api/21/envelope/?sentry_key=40fbc8c4e23b4733bd527e29e39109f7&sentry_version=7&sentry_client=sentry.javascript.svelte%2F7.74.1' from origin 'https://banggia.dnse.com.vn' has been blocked by CORS policy: No 'Access-Control-Allow-Origin' header is present on the requested resource. @ https://banggia.dnse.com.vn/phaisinh?symbol=VN30F1M:0
[  106182ms] [ERROR] Failed to load resource: net::ERR_FAILED @ https://sentry.entrade.com.vn/api/21/envelope/?sentry_key=40fbc8c4e23b4733bd527e29e39109f7&sentry_version=7&sentry_client=sentry.javascript.svelte%2F7.74.1:0
[  167506ms] [LOG] Migrate redux store version 2 @ https://banggia.dnse.com.vn/_app/immutable/chunks/CSewJh0Y.js:940
[  167653ms] [ERROR] Access to fetch at 'https://sentry.entrade.com.vn/api/21/envelope/?sentry_key=40fbc8c4e23b4733bd527e29e39109f7&sentry_version=7&sentry_client=sentry.javascript.svelte%2F7.74.1' from origin 'https://banggia.dnse.com.vn' has been blocked by CORS policy: No 'Access-Control-Allow-Origin' header is present on the requested resource. @ https://banggia.dnse.com.vn/:0
[  167653ms] [ERROR] Failed to load resource: net::ERR_FAILED @ https://sentry.entrade.com.vn/api/21/envelope/?sentry_key=40fbc8c4e23b4733bd527e29e39109f7&sentry_version=7&sentry_client=sentry.javascript.svelte%2F7.74.1:0
[  167857ms] [LOG] fetch failed: if this is reported on cors on local env, please ignore it TypeError: Failed to fetch
    at TimeSync.calculateTimeDiff (https://banggia.dnse.com.vn/assets/socketWorker.e36e3f39.js:1:1365468)
    at new TimeSync (https://banggia.dnse.com.vn/assets/socketWorker.e36e3f39.js:1:1365206)
    at TimeSync.getInstance (https://banggia.dnse.com.vn/assets/socketWorker.e36e3f39.js:1:1365340)
    at https://banggia.dnse.com.vn/assets/socketWorker.e36e3f39.js:1:1365826
    at https://banggia.dnse.com.vn/assets/socketWorker.e36e3f39.js:1:1372302 @ https://banggia.dnse.com.vn/assets/socketWorker.e36e3f39.js:0
[  167857ms] [LOG] fetch failed: if this is reported on cors on local env, please ignore it TypeError: Failed to fetch
    at TimeSync.calculateTimeDiff (https://banggia.dnse.com.vn/assets/socketWorker.e36e3f39.js:1:1365468)
    at new TimeSync (https://banggia.dnse.com.vn/assets/socketWorker.e36e3f39.js:1:1365206)
    at TimeSync.getInstance (https://banggia.dnse.com.vn/assets/socketWorker.e36e3f39.js:1:1365340)
    at https://banggia.dnse.com.vn/assets/socketWorker.e36e3f39.js:1:1365826
    at https://banggia.dnse.com.vn/assets/socketWorker.e36e3f39.js:1:1372302 @ https://banggia.dnse.com.vn/assets/socketWorker.e36e3f39.js:0
[  168007ms] [INFO] [adjust-sdk] 2026-10-04T07:18:35.373Z INFO:  Log level set to error @ https://banggia.dnse.com.vn/_app/immutable/chunks/B8k3mTDZ.js:6
[  168264ms] [WARNING] [TikTok Pixel] - Duplicate Pixel ID
Issue: The pixel ID is duplicate. This could impact the pixel data accuracy.
Suggestion: Please double check and delete any unnecessary pixel code. @ https://banggia.dnse.com.vn/_app/immutable/chunks/B8k3mTDZ.js:6
[  170500ms] [ERROR] Access to fetch at 'https://sentry.entrade.com.vn/api/21/envelope/?sentry_key=40fbc8c4e23b4733bd527e29e39109f7&sentry_version=7&sentry_client=sentry.javascript.svelte%2F7.74.1' from origin 'https://banggia.dnse.com.vn' has been blocked by CORS policy: No 'Access-Control-Allow-Origin' header is present on the requested resource. @ https://banggia.dnse.com.vn/:0
[  170501ms] [ERROR] Failed to load resource: net::ERR_FAILED @ https://sentry.entrade.com.vn/api/21/envelope/?sentry_key=40fbc8c4e23b4733bd527e29e39109f7&sentry_version=7&sentry_client=sentry.javascript.svelte%2F7.74.1:0
[28968666ms] [LOG] Migrate redux store version 2 @ https://banggia.dnse.com.vn/_app/immutable/chunks/CSewJh0Y.js:940
[28968847ms] [ERROR] Access to fetch at 'https://sentry.entrade.com.vn/api/21/envelope/?sentry_key=40fbc8c4e23b4733bd527e29e39109f7&sentry_version=7&sentry_client=sentry.javascript.svelte%2F7.74.1' from origin 'https://banggia.dnse.com.vn' has been blocked by CORS policy: No 'Access-Control-Allow-Origin' header is present on the requested resource. @ https://banggia.dnse.com.vn/:0
[28968847ms] [ERROR] Failed to load resource: net::ERR_FAILED @ https://sentry.entrade.com.vn/api/21/envelope/?sentry_key=40fbc8c4e23b4733bd527e29e39109f7&sentry_version=7&sentry_client=sentry.javascript.svelte%2F7.74.1:0
[28969083ms] [LOG] fetch failed: if this is reported on cors on local env, please ignore it TypeError: Failed to fetch
    at TimeSync.calculateTimeDiff (https://banggia.dnse.com.vn/assets/socketWorker.e36e3f39.js:1:1365468)
    at new TimeSync (https://banggia.dnse.com.vn/assets/socketWorker.e36e3f39.js:1:1365206)
    at TimeSync.getInstance (https://banggia.dnse.com.vn/assets/socketWorker.e36e3f39.js:1:1365340)
    at https://banggia.dnse.com.vn/assets/socketWorker.e36e3f39.js:1:1365826
    at https://banggia.dnse.com.vn/assets/socketWorker.e36e3f39.js:1:1372302 @ https://banggia.dnse.com.vn/assets/socketWorker.e36e3f39.js:0
[28969133ms] [LOG] fetch failed: if this is reported on cors on local env, please ignore it TypeError: Failed to fetch
    at TimeSync.calculateTimeDiff (https://banggia.dnse.com.vn/assets/socketWorker.e36e3f39.js:1:1365468)
    at new TimeSync (https://banggia.dnse.com.vn/assets/socketWorker.e36e3f39.js:1:1365206)
    at TimeSync.getInstance (https://banggia.dnse.com.vn/assets/socketWorker.e36e3f39.js:1:1365340)
    at https://banggia.dnse.com.vn/assets/socketWorker.e36e3f39.js:1:1365826
    at https://banggia.dnse.com.vn/assets/socketWorker.e36e3f39.js:1:1372302 @ https://banggia.dnse.com.vn/assets/socketWorker.e36e3f39.js:0
[28969687ms] [INFO] [adjust-sdk] 2026-10-04T15:18:37.052Z INFO:  Log level set to error @ https://banggia.dnse.com.vn/_app/immutable/chunks/B8k3mTDZ.js:6
[28969715ms] [WARNING] [TikTok Pixel] - Duplicate Pixel ID
Issue: The pixel ID is duplicate. This could impact the pixel data accuracy.
Suggestion: Please double check and delete any unnecessary pixel code. @ https://banggia.dnse.com.vn/_app/immutable/chunks/B8k3mTDZ.js:6
[28975872ms] [ERROR] Access to fetch at 'https://sentry.entrade.com.vn/api/21/envelope/?sentry_key=40fbc8c4e23b4733bd527e29e39109f7&sentry_version=7&sentry_client=sentry.javascript.svelte%2F7.74.1' from origin 'https://banggia.dnse.com.vn' has been blocked by CORS policy: No 'Access-Control-Allow-Origin' header is present on the requested resource. @ https://banggia.dnse.com.vn/:0
[28975872ms] [ERROR] Failed to load resource: net::ERR_FAILED @ https://sentry.entrade.com.vn/api/21/envelope/?sentry_key=40fbc8c4e23b4733bd527e29e39109f7&sentry_version=7&sentry_client=sentry.javascript.svelte%2F7.74.1:0
[29316363ms] [INFO] <Suspense> is an experimental feature and its API will likely change. @ http://localhost:3000/_nuxt/@fs/Volumes/developer101/code/vnstock/node_modules/@vue/runtime-core/dist/runtime-core.esm-bundler.js?v=d096a14f:7401
[29357052ms] [INFO] <Suspense> is an experimental feature and its API will likely change. @ http://localhost:3000/_nuxt/@fs/Volumes/developer101/code/vnstock/node_modules/@vue/runtime-core/dist/runtime-core.esm-bundler.js?v=d096a14f:7401
[30214694ms] [ERROR] Failed to load resource: the server responded with a status of 500 (Internal Server Error) @ http://localhost:3000/api/v1/stock/iboard/indices:0
[30214696ms] [WARNING] Could not fetch indices from backend: AxiosError: Request failed with status code 500
    at settle (http://localhost:3000/_nuxt/node_modules/.cache/vite/client/deps/axios.js?v=d096a14f:1799:12)
    at XMLHttpRequest.onloadend (http://localhost:3000/_nuxt/node_modules/.cache/vite/client/deps/axios.js?v=d096a14f:2329:7)
    at Axios.request (http://localhost:3000/_nuxt/node_modules/.cache/vite/client/deps/axios.js?v=d096a14f:3340:43)
    at async request (http://localhost:3000/_nuxt/client/client/client.gen.ts:55:24)
    at async Object.getIBoardIndices (http://localhost:3000/_nuxt/client/stockService.ts:79:15)
    at async loadIndices (http://localhost:3000/_nuxt/pages/iboard/index.vue?t=1791127409931:866:17) @ http://localhost:3000/_nuxt/pages/iboard/index.vue?t=1791127409931:946
[30217253ms] [ERROR] Failed to load resource: the server responded with a status of 500 (Internal Server Error) @ http://localhost:3000/api/v1/stock/iboard/indices:0
[30217254ms] [WARNING] Could not fetch indices from backend: AxiosError: Request failed with status code 500
    at settle (http://localhost:3000/_nuxt/node_modules/.cache/vite/client/deps/axios.js?v=d096a14f:1799:12)
    at XMLHttpRequest.onloadend (http://localhost:3000/_nuxt/node_modules/.cache/vite/client/deps/axios.js?v=d096a14f:2329:7)
    at Axios.request (http://localhost:3000/_nuxt/node_modules/.cache/vite/client/deps/axios.js?v=d096a14f:3340:43)
    at async request (http://localhost:3000/_nuxt/client/client/client.gen.ts:55:24)
    at async Object.getIBoardIndices (http://localhost:3000/_nuxt/client/stockService.ts:79:15)
    at async loadIndices (http://localhost:3000/_nuxt/pages/iboard/index.vue?t=1791127409931:866:17) @ http://localhost:3000/_nuxt/pages/iboard/index.vue?t=1791127409931:946
[30219762ms] [ERROR] Failed to load resource: the server responded with a status of 500 (Internal Server Error) @ http://localhost:3000/api/v1/stock/iboard/indices:0
[30219762ms] [WARNING] Could not fetch indices from backend: AxiosError: Request failed with status code 500
    at settle (http://localhost:3000/_nuxt/node_modules/.cache/vite/client/deps/axios.js?v=d096a14f:1799:12)
    at XMLHttpRequest.onloadend (http://localhost:3000/_nuxt/node_modules/.cache/vite/client/deps/axios.js?v=d096a14f:2329:7)
    at Axios.request (http://localhost:3000/_nuxt/node_modules/.cache/vite/client/deps/axios.js?v=d096a14f:3340:43)
    at async request (http://localhost:3000/_nuxt/client/client/client.gen.ts:55:24)
    at async Object.getIBoardIndices (http://localhost:3000/_nuxt/client/stockService.ts:79:15)
    at async loadIndices (http://localhost:3000/_nuxt/pages/iboard/index.vue?t=1791127409931:866:17) @ http://localhost:3000/_nuxt/pages/iboard/index.vue?t=1791127409931:946
[30223011ms] [ERROR] Failed to load resource: the server responded with a status of 500 (Internal Server Error) @ http://localhost:3000/api/v1/stock/iboard/indices:0
[30223011ms] [WARNING] Could not fetch indices from backend: AxiosError: Request failed with status code 500
    at settle (http://localhost:3000/_nuxt/node_modules/.cache/vite/client/deps/axios.js?v=d096a14f:1799:12)
    at XMLHttpRequest.onloadend (http://localhost:3000/_nuxt/node_modules/.cache/vite/client/deps/axios.js?v=d096a14f:2329:7)
    at Axios.request (http://localhost:3000/_nuxt/node_modules/.cache/vite/client/deps/axios.js?v=d096a14f:3340:43)
    at async request (http://localhost:3000/_nuxt/client/client/client.gen.ts:55:24)
    at async Object.getIBoardIndices (http://localhost:3000/_nuxt/client/stockService.ts:79:15)
    at async loadIndices (http://localhost:3000/_nuxt/pages/iboard/index.vue?t=1791127409931:866:17) @ http://localhost:3000/_nuxt/pages/iboard/index.vue?t=1791127409931:946
[30225746ms] [ERROR] Failed to load resource: the server responded with a status of 500 (Internal Server Error) @ http://localhost:3000/api/v1/stock/iboard/indices:0
[30225746ms] [WARNING] Could not fetch indices from backend: AxiosError: Request failed with status code 500
    at settle (http://localhost:3000/_nuxt/node_modules/.cache/vite/client/deps/axios.js?v=d096a14f:1799:12)
    at XMLHttpRequest.onloadend (http://localhost:3000/_nuxt/node_modules/.cache/vite/client/deps/axios.js?v=d096a14f:2329:7)
    at Axios.request (http://localhost:3000/_nuxt/node_modules/.cache/vite/client/deps/axios.js?v=d096a14f:3340:43)
    at async request (http://localhost:3000/_nuxt/client/client/client.gen.ts:55:24)
    at async Object.getIBoardIndices (http://localhost:3000/_nuxt/client/stockService.ts:79:15)
    at async loadIndices (http://localhost:3000/_nuxt/pages/iboard/index.vue?t=1791127409931:866:17) @ http://localhost:3000/_nuxt/pages/iboard/index.vue?t=1791127409931:946
[30228280ms] [ERROR] Failed to load resource: the server responded with a status of 500 (Internal Server Error) @ http://localhost:3000/api/v1/stock/iboard/indices:0
[30228281ms] [WARNING] Could not fetch indices from backend: AxiosError: Request failed with status code 500
    at settle (http://localhost:3000/_nuxt/node_modules/.cache/vite/client/deps/axios.js?v=d096a14f:1799:12)
    at XMLHttpRequest.onloadend (http://localhost:3000/_nuxt/node_modules/.cache/vite/client/deps/axios.js?v=d096a14f:2329:7)
    at Axios.request (http://localhost:3000/_nuxt/node_modules/.cache/vite/client/deps/axios.js?v=d096a14f:3340:43)
    at async request (http://localhost:3000/_nuxt/client/client/client.gen.ts:55:24)
    at async Object.getIBoardIndices (http://localhost:3000/_nuxt/client/stockService.ts:79:15)
    at async loadIndices (http://localhost:3000/_nuxt/pages/iboard/index.vue?t=1791127409931:866:17) @ http://localhost:3000/_nuxt/pages/iboard/index.vue?t=1791127409931:946
[30230818ms] [ERROR] Failed to load resource: the server responded with a status of 500 (Internal Server Error) @ http://localhost:3000/api/v1/stock/iboard/indices:0
[30230818ms] [WARNING] Could not fetch indices from backend: AxiosError: Request failed with status code 500
    at settle (http://localhost:3000/_nuxt/node_modules/.cache/vite/client/deps/axios.js?v=d096a14f:1799:12)
    at XMLHttpRequest.onloadend (http://localhost:3000/_nuxt/node_modules/.cache/vite/client/deps/axios.js?v=d096a14f:2329:7)
    at Axios.request (http://localhost:3000/_nuxt/node_modules/.cache/vite/client/deps/axios.js?v=d096a14f:3340:43)
    at async request (http://localhost:3000/_nuxt/client/client/client.gen.ts:55:24)
    at async Object.getIBoardIndices (http://localhost:3000/_nuxt/client/stockService.ts:79:15)
    at async loadIndices (http://localhost:3000/_nuxt/pages/iboard/index.vue?t=1791127409931:866:17) @ http://localhost:3000/_nuxt/pages/iboard/index.vue?t=1791127409931:946
[30235736ms] [ERROR] Failed to load resource: the server responded with a status of 500 (Internal Server Error) @ http://localhost:3000/api/v1/stock/iboard/indices:0
[30235736ms] [WARNING] Could not fetch indices from backend: AxiosError: Request failed with status code 500
    at settle (http://localhost:3000/_nuxt/node_modules/.cache/vite/client/deps/axios.js?v=d096a14f:1799:12)
    at XMLHttpRequest.onloadend (http://localhost:3000/_nuxt/node_modules/.cache/vite/client/deps/axios.js?v=d096a14f:2329:7)
    at Axios.request (http://localhost:3000/_nuxt/node_modules/.cache/vite/client/deps/axios.js?v=d096a14f:3340:43)
    at async request (http://localhost:3000/_nuxt/client/client/client.gen.ts:55:24)
    at async Object.getIBoardIndices (http://localhost:3000/_nuxt/client/stockService.ts:79:15)
    at async loadIndices (http://localhost:3000/_nuxt/pages/iboard/index.vue?t=1791127409931:866:17) @ http://localhost:3000/_nuxt/pages/iboard/index.vue?t=1791127409931:946
[30241764ms] [ERROR] Failed to load resource: the server responded with a status of 500 (Internal Server Error) @ http://localhost:3000/api/v1/stock/iboard/indices:0
[30241765ms] [WARNING] Could not fetch indices from backend: AxiosError: Request failed with status code 500
    at settle (http://localhost:3000/_nuxt/node_modules/.cache/vite/client/deps/axios.js?v=d096a14f:1799:12)
    at XMLHttpRequest.onloadend (http://localhost:3000/_nuxt/node_modules/.cache/vite/client/deps/axios.js?v=d096a14f:2329:7)
    at Axios.request (http://localhost:3000/_nuxt/node_modules/.cache/vite/client/deps/axios.js?v=d096a14f:3340:43)
    at async request (http://localhost:3000/_nuxt/client/client/client.gen.ts:55:24)
    at async Object.getIBoardIndices (http://localhost:3000/_nuxt/client/stockService.ts:79:15)
    at async loadIndices (http://localhost:3000/_nuxt/pages/iboard/index.vue?t=1791127409931:866:17) @ http://localhost:3000/_nuxt/pages/iboard/index.vue?t=1791127409931:946
[30285737ms] [ERROR] Failed to load resource: the server responded with a status of 500 (Internal Server Error) @ http://localhost:3000/api/v1/stock/iboard/indices:0
[30285737ms] [WARNING] Could not fetch indices from backend: AxiosError: Request failed with status code 500
    at settle (http://localhost:3000/_nuxt/node_modules/.cache/vite/client/deps/axios.js?v=d096a14f:1799:12)
    at XMLHttpRequest.onloadend (http://localhost:3000/_nuxt/node_modules/.cache/vite/client/deps/axios.js?v=d096a14f:2329:7)
    at Axios.request (http://localhost:3000/_nuxt/node_modules/.cache/vite/client/deps/axios.js?v=d096a14f:3340:43)
    at async request (http://localhost:3000/_nuxt/client/client/client.gen.ts:55:24)
    at async Object.getIBoardIndices (http://localhost:3000/_nuxt/client/stockService.ts:79:15)
    at async loadIndices (http://localhost:3000/_nuxt/pages/iboard/index.vue?t=1791127409931:866:17) @ http://localhost:3000/_nuxt/pages/iboard/index.vue?t=1791127409931:946
[30286035ms] [ERROR] Failed to load resource: the server responded with a status of 500 (Internal Server Error) @ http://localhost:3000/api/v1/stock/iboard/indices:0
[30286035ms] [WARNING] Could not fetch indices from backend: AxiosError: Request failed with status code 500
    at settle (http://localhost:3000/_nuxt/node_modules/.cache/vite/client/deps/axios.js?v=d096a14f:1799:12)
    at XMLHttpRequest.onloadend (http://localhost:3000/_nuxt/node_modules/.cache/vite/client/deps/axios.js?v=d096a14f:2329:7)
    at Axios.request (http://localhost:3000/_nuxt/node_modules/.cache/vite/client/deps/axios.js?v=d096a14f:3340:43)
    at async request (http://localhost:3000/_nuxt/client/client/client.gen.ts:55:24)
    at async Object.getIBoardIndices (http://localhost:3000/_nuxt/client/stockService.ts:79:15)
    at async loadIndices (http://localhost:3000/_nuxt/pages/iboard/index.vue?t=1791127409931:866:17) @ http://localhost:3000/_nuxt/pages/iboard/index.vue?t=1791127409931:946
[30288614ms] [ERROR] Failed to load resource: the server responded with a status of 500 (Internal Server Error) @ http://localhost:3000/api/v1/stock/iboard/indices:0
[30288615ms] [WARNING] Could not fetch indices from backend: AxiosError: Request failed with status code 500
    at settle (http://localhost:3000/_nuxt/node_modules/.cache/vite/client/deps/axios.js?v=d096a14f:1799:12)
    at XMLHttpRequest.onloadend (http://localhost:3000/_nuxt/node_modules/.cache/vite/client/deps/axios.js?v=d096a14f:2329:7)
    at Axios.request (http://localhost:3000/_nuxt/node_modules/.cache/vite/client/deps/axios.js?v=d096a14f:3340:43)
    at async request (http://localhost:3000/_nuxt/client/client/client.gen.ts:55:24)
    at async Object.getIBoardIndices (http://localhost:3000/_nuxt/client/stockService.ts:79:15)
    at async loadIndices (http://localhost:3000/_nuxt/pages/iboard/index.vue?t=1791127409931:866:17) @ http://localhost:3000/_nuxt/pages/iboard/index.vue?t=1791127409931:946
[30291597ms] [ERROR] Failed to load resource: the server responded with a status of 500 (Internal Server Error) @ http://localhost:3000/api/v1/stock/iboard/indices:0
[30291598ms] [WARNING] Could not fetch indices from backend: AxiosError: Request failed with status code 500
    at settle (http://localhost:3000/_nuxt/node_modules/.cache/vite/client/deps/axios.js?v=d096a14f:1799:12)
    at XMLHttpRequest.onloadend (http://localhost:3000/_nuxt/node_modules/.cache/vite/client/deps/axios.js?v=d096a14f:2329:7)
    at Axios.request (http://localhost:3000/_nuxt/node_modules/.cache/vite/client/deps/axios.js?v=d096a14f:3340:43)
    at async request (http://localhost:3000/_nuxt/client/client/client.gen.ts:55:24)
    at async Object.getIBoardIndices (http://localhost:3000/_nuxt/client/stockService.ts:79:15)
    at async loadIndices (http://localhost:3000/_nuxt/pages/iboard/index.vue?t=1791127409931:866:17) @ http://localhost:3000/_nuxt/pages/iboard/index.vue?t=1791127409931:946
[30294118ms] [ERROR] Failed to load resource: the server responded with a status of 500 (Internal Server Error) @ http://localhost:3000/api/v1/stock/iboard/indices:0
[30294118ms] [WARNING] Could not fetch indices from backend: AxiosError: Request failed with status code 500
    at settle (http://localhost:3000/_nuxt/node_modules/.cache/vite/client/deps/axios.js?v=d096a14f:1799:12)
    at XMLHttpRequest.onloadend (http://localhost:3000/_nuxt/node_modules/.cache/vite/client/deps/axios.js?v=d096a14f:2329:7)
    at Axios.request (http://localhost:3000/_nuxt/node_modules/.cache/vite/client/deps/axios.js?v=d096a14f:3340:43)
    at async request (http://localhost:3000/_nuxt/client/client/client.gen.ts:55:24)
    at async Object.getIBoardIndices (http://localhost:3000/_nuxt/client/stockService.ts:79:15)
    at async loadIndices (http://localhost:3000/_nuxt/pages/iboard/index.vue?t=1791127409931:866:17) @ http://localhost:3000/_nuxt/pages/iboard/index.vue?t=1791127409931:946
[30296627ms] [ERROR] Failed to load resource: the server responded with a status of 500 (Internal Server Error) @ http://localhost:3000/api/v1/stock/iboard/indices:0
[30296627ms] [WARNING] Could not fetch indices from backend: AxiosError: Request failed with status code 500
    at settle (http://localhost:3000/_nuxt/node_modules/.cache/vite/client/deps/axios.js?v=d096a14f:1799:12)
    at XMLHttpRequest.onloadend (http://localhost:3000/_nuxt/node_modules/.cache/vite/client/deps/axios.js?v=d096a14f:2329:7)
    at Axios.request (http://localhost:3000/_nuxt/node_modules/.cache/vite/client/deps/axios.js?v=d096a14f:3340:43)
    at async request (http://localhost:3000/_nuxt/client/client/client.gen.ts:55:24)
    at async Object.getIBoardIndices (http://localhost:3000/_nuxt/client/stockService.ts:79:15)
    at async loadIndices (http://localhost:3000/_nuxt/pages/iboard/index.vue?t=1791127409931:866:17) @ http://localhost:3000/_nuxt/pages/iboard/index.vue?t=1791127409931:946
[30301632ms] [ERROR] Failed to load resource: the server responded with a status of 500 (Internal Server Error) @ http://localhost:3000/api/v1/stock/iboard/indices:0
[30301632ms] [WARNING] Could not fetch indices from backend: AxiosError: Request failed with status code 500
    at settle (http://localhost:3000/_nuxt/node_modules/.cache/vite/client/deps/axios.js?v=d096a14f:1799:12)
    at XMLHttpRequest.onloadend (http://localhost:3000/_nuxt/node_modules/.cache/vite/client/deps/axios.js?v=d096a14f:2329:7)
    at Axios.request (http://localhost:3000/_nuxt/node_modules/.cache/vite/client/deps/axios.js?v=d096a14f:3340:43)
    at async request (http://localhost:3000/_nuxt/client/client/client.gen.ts:55:24)
    at async Object.getIBoardIndices (http://localhost:3000/_nuxt/client/stockService.ts:79:15)
    at async loadIndices (http://localhost:3000/_nuxt/pages/iboard/index.vue?t=1791127409931:866:17) @ http://localhost:3000/_nuxt/pages/iboard/index.vue?t=1791127409931:946
[30309748ms] [ERROR] Failed to load resource: the server responded with a status of 500 (Internal Server Error) @ http://localhost:3000/api/v1/stock/iboard/indices:0
[30309748ms] [WARNING] Could not fetch indices from backend: AxiosError: Request failed with status code 500
    at settle (http://localhost:3000/_nuxt/node_modules/.cache/vite/client/deps/axios.js?v=d096a14f:1799:12)
    at XMLHttpRequest.onloadend (http://localhost:3000/_nuxt/node_modules/.cache/vite/client/deps/axios.js?v=d096a14f:2329:7)
    at Axios.request (http://localhost:3000/_nuxt/node_modules/.cache/vite/client/deps/axios.js?v=d096a14f:3340:43)
    at async request (http://localhost:3000/_nuxt/client/client/client.gen.ts:55:24)
    at async Object.getIBoardIndices (http://localhost:3000/_nuxt/client/stockService.ts:79:15)
    at async loadIndices (http://localhost:3000/_nuxt/pages/iboard/index.vue?t=1791127409931:866:17) @ http://localhost:3000/_nuxt/pages/iboard/index.vue?t=1791127409931:946
[30314102ms] [ERROR] Failed to load resource: the server responded with a status of 500 (Internal Server Error) @ http://localhost:3000/api/v1/stock/iboard/indices:0
[30314103ms] [WARNING] Could not fetch indices from backend: AxiosError: Request failed with status code 500
    at settle (http://localhost:3000/_nuxt/node_modules/.cache/vite/client/deps/axios.js?v=d096a14f:1799:12)
    at XMLHttpRequest.onloadend (http://localhost:3000/_nuxt/node_modules/.cache/vite/client/deps/axios.js?v=d096a14f:2329:7)
    at Axios.request (http://localhost:3000/_nuxt/node_modules/.cache/vite/client/deps/axios.js?v=d096a14f:3340:43)
    at async request (http://localhost:3000/_nuxt/client/client/client.gen.ts:55:24)
    at async Object.getIBoardIndices (http://localhost:3000/_nuxt/client/stockService.ts:79:15)
    at async loadIndices (http://localhost:3000/_nuxt/pages/iboard/index.vue?t=1791127409931:866:17) @ http://localhost:3000/_nuxt/pages/iboard/index.vue?t=1791127409931:946
[30338766ms] [ERROR] Failed to load resource: the server responded with a status of 500 (Internal Server Error) @ http://localhost:3000/api/v1/stock/iboard/indices:0
[30338766ms] [WARNING] Could not fetch indices from backend: AxiosError: Request failed with status code 500
    at settle (http://localhost:3000/_nuxt/node_modules/.cache/vite/client/deps/axios.js?v=d096a14f:1799:12)
    at XMLHttpRequest.onloadend (http://localhost:3000/_nuxt/node_modules/.cache/vite/client/deps/axios.js?v=d096a14f:2329:7)
    at Axios.request (http://localhost:3000/_nuxt/node_modules/.cache/vite/client/deps/axios.js?v=d096a14f:3340:43)
    at async request (http://localhost:3000/_nuxt/client/client/client.gen.ts:55:24)
    at async Object.getIBoardIndices (http://localhost:3000/_nuxt/client/stockService.ts:79:15)
    at async loadIndices (http://localhost:3000/_nuxt/pages/iboard/index.vue?t=1791127409931:866:17) @ http://localhost:3000/_nuxt/pages/iboard/index.vue?t=1791127409931:946
[30352526ms] [ERROR] Failed to load resource: the server responded with a status of 500 (Internal Server Error) @ http://localhost:3000/api/v1/stock/iboard/indices:0
[30352526ms] [WARNING] Could not fetch indices from backend: AxiosError: Request failed with status code 500
    at settle (http://localhost:3000/_nuxt/node_modules/.cache/vite/client/deps/axios.js?v=d096a14f:1799:12)
    at XMLHttpRequest.onloadend (http://localhost:3000/_nuxt/node_modules/.cache/vite/client/deps/axios.js?v=d096a14f:2329:7)
    at Axios.request (http://localhost:3000/_nuxt/node_modules/.cache/vite/client/deps/axios.js?v=d096a14f:3340:43)
    at async request (http://localhost:3000/_nuxt/client/client/client.gen.ts:55:24)
    at async Object.getIBoardIndices (http://localhost:3000/_nuxt/client/stockService.ts:79:15)
    at async loadIndices (http://localhost:3000/_nuxt/pages/iboard/index.vue?t=1791127409931:866:17) @ http://localhost:3000/_nuxt/pages/iboard/index.vue?t=1791127409931:946
[30355700ms] [ERROR] Failed to load resource: the server responded with a status of 500 (Internal Server Error) @ http://localhost:3000/api/v1/stock/iboard/indices:0
[30355700ms] [WARNING] Could not fetch indices from backend: AxiosError: Request failed with status code 500
    at settle (http://localhost:3000/_nuxt/node_modules/.cache/vite/client/deps/axios.js?v=d096a14f:1799:12)
    at XMLHttpRequest.onloadend (http://localhost:3000/_nuxt/node_modules/.cache/vite/client/deps/axios.js?v=d096a14f:2329:7)
    at Axios.request (http://localhost:3000/_nuxt/node_modules/.cache/vite/client/deps/axios.js?v=d096a14f:3340:43)
    at async request (http://localhost:3000/_nuxt/client/client/client.gen.ts:55:24)
    at async Object.getIBoardIndices (http://localhost:3000/_nuxt/client/stockService.ts:79:15)
    at async loadIndices (http://localhost:3000/_nuxt/pages/iboard/index.vue?t=1791127409931:866:17) @ http://localhost:3000/_nuxt/pages/iboard/index.vue?t=1791127409931:946
[30361586ms] [ERROR] Failed to load resource: the server responded with a status of 500 (Internal Server Error) @ http://localhost:3000/api/v1/stock/iboard/indices:0
[30361587ms] [WARNING] Could not fetch indices from backend: AxiosError: Request failed with status code 500
    at settle (http://localhost:3000/_nuxt/node_modules/.cache/vite/client/deps/axios.js?v=d096a14f:1799:12)
    at XMLHttpRequest.onloadend (http://localhost:3000/_nuxt/node_modules/.cache/vite/client/deps/axios.js?v=d096a14f:2329:7)
    at Axios.request (http://localhost:3000/_nuxt/node_modules/.cache/vite/client/deps/axios.js?v=d096a14f:3340:43)
    at async request (http://localhost:3000/_nuxt/client/client/client.gen.ts:55:24)
    at async Object.getIBoardIndices (http://localhost:3000/_nuxt/client/stockService.ts:79:15)
    at async loadIndices (http://localhost:3000/_nuxt/pages/iboard/index.vue?t=1791127409931:866:17) @ http://localhost:3000/_nuxt/pages/iboard/index.vue?t=1791127409931:946
[30367610ms] [ERROR] Failed to load resource: the server responded with a status of 500 (Internal Server Error) @ http://localhost:3000/api/v1/stock/iboard/indices:0
[30367610ms] [WARNING] Could not fetch indices from backend: AxiosError: Request failed with status code 500
    at settle (http://localhost:3000/_nuxt/node_modules/.cache/vite/client/deps/axios.js?v=d096a14f:1799:12)
    at XMLHttpRequest.onloadend (http://localhost:3000/_nuxt/node_modules/.cache/vite/client/deps/axios.js?v=d096a14f:2329:7)
    at Axios.request (http://localhost:3000/_nuxt/node_modules/.cache/vite/client/deps/axios.js?v=d096a14f:3340:43)
    at async request (http://localhost:3000/_nuxt/client/client/client.gen.ts:55:24)
    at async Object.getIBoardIndices (http://localhost:3000/_nuxt/client/stockService.ts:79:15)
    at async loadIndices (http://localhost:3000/_nuxt/pages/iboard/index.vue?t=1791127409931:866:17) @ http://localhost:3000/_nuxt/pages/iboard/index.vue?t=1791127409931:946
[31342809ms] [ERROR] Failed to load resource: the server responded with a status of 500 (Internal Server Error) @ http://localhost:3000/api/v1/stock/iboard/indices:0
[31342810ms] [WARNING] Could not fetch indices from backend: AxiosError: Request failed with status code 500
    at settle (http://localhost:3000/_nuxt/node_modules/.cache/vite/client/deps/axios.js?v=d096a14f:1799:12)
    at XMLHttpRequest.onloadend (http://localhost:3000/_nuxt/node_modules/.cache/vite/client/deps/axios.js?v=d096a14f:2329:7)
    at Axios.request (http://localhost:3000/_nuxt/node_modules/.cache/vite/client/deps/axios.js?v=d096a14f:3340:43)
    at async request (http://localhost:3000/_nuxt/client/client/client.gen.ts:55:24)
    at async Object.getIBoardIndices (http://localhost:3000/_nuxt/client/stockService.ts:79:15)
    at async loadIndices (http://localhost:3000/_nuxt/pages/iboard/index.vue?t=1791129435341:866:17) @ http://localhost:3000/_nuxt/pages/iboard/index.vue?t=1791129435341:946
[31345363ms] [ERROR] Failed to load resource: the server responded with a status of 500 (Internal Server Error) @ http://localhost:3000/api/v1/stock/iboard/indices:0
[31345364ms] [WARNING] Could not fetch indices from backend: AxiosError: Request failed with status code 500
    at settle (http://localhost:3000/_nuxt/node_modules/.cache/vite/client/deps/axios.js?v=d096a14f:1799:12)
    at XMLHttpRequest.onloadend (http://localhost:3000/_nuxt/node_modules/.cache/vite/client/deps/axios.js?v=d096a14f:2329:7)
    at Axios.request (http://localhost:3000/_nuxt/node_modules/.cache/vite/client/deps/axios.js?v=d096a14f:3340:43)
    at async request (http://localhost:3000/_nuxt/client/client/client.gen.ts:55:24)
    at async Object.getIBoardIndices (http://localhost:3000/_nuxt/client/stockService.ts:79:15)
    at async loadIndices (http://localhost:3000/_nuxt/pages/iboard/index.vue?t=1791129435341:866:17) @ http://localhost:3000/_nuxt/pages/iboard/index.vue?t=1791129435341:946
[31354107ms] [ERROR] Failed to load resource: the server responded with a status of 500 (Internal Server Error) @ http://localhost:3000/api/v1/stock/iboard/indices:0
[31354108ms] [WARNING] Could not fetch indices from backend: AxiosError: Request failed with status code 500
    at settle (http://localhost:3000/_nuxt/node_modules/.cache/vite/client/deps/axios.js?v=d096a14f:1799:12)
    at XMLHttpRequest.onloadend (http://localhost:3000/_nuxt/node_modules/.cache/vite/client/deps/axios.js?v=d096a14f:2329:7)
    at Axios.request (http://localhost:3000/_nuxt/node_modules/.cache/vite/client/deps/axios.js?v=d096a14f:3340:43)
    at async request (http://localhost:3000/_nuxt/client/client/client.gen.ts:55:24)
    at async Object.getIBoardIndices (http://localhost:3000/_nuxt/client/stockService.ts:79:15)
    at async loadIndices (http://localhost:3000/_nuxt/pages/iboard/index.vue?t=1791129435341:866:17) @ http://localhost:3000/_nuxt/pages/iboard/index.vue?t=1791129435341:946
[32857874ms] [ERROR] Failed to load resource: the server responded with a status of 500 (Internal Server Error) @ http://localhost:3000/api/v1/stock/iboard/indices:0
[32857877ms] [WARNING] Could not fetch indices from backend: AxiosError: Request failed with status code 500
    at settle (http://localhost:3000/_nuxt/node_modules/.cache/vite/client/deps/axios.js?v=d096a14f:1799:12)
    at XMLHttpRequest.onloadend (http://localhost:3000/_nuxt/node_modules/.cache/vite/client/deps/axios.js?v=d096a14f:2329:7)
    at Axios.request (http://localhost:3000/_nuxt/node_modules/.cache/vite/client/deps/axios.js?v=d096a14f:3340:43)
    at async request (http://localhost:3000/_nuxt/client/client/client.gen.ts:55:24)
    at async Object.getIBoardIndices (http://localhost:3000/_nuxt/client/stockService.ts:79:15)
    at async loadIndices (http://localhost:3000/_nuxt/pages/iboard/index.vue?t=1791129435341:866:17) @ http://localhost:3000/_nuxt/pages/iboard/index.vue?t=1791129435341:946
[32862182ms] [ERROR] Failed to load resource: the server responded with a status of 500 (Internal Server Error) @ http://localhost:3000/api/v1/stock/iboard/indices:0
[32862183ms] [WARNING] Could not fetch indices from backend: AxiosError: Request failed with status code 500
    at settle (http://localhost:3000/_nuxt/node_modules/.cache/vite/client/deps/axios.js?v=d096a14f:1799:12)
    at XMLHttpRequest.onloadend (http://localhost:3000/_nuxt/node_modules/.cache/vite/client/deps/axios.js?v=d096a14f:2329:7)
    at Axios.request (http://localhost:3000/_nuxt/node_modules/.cache/vite/client/deps/axios.js?v=d096a14f:3340:43)
    at async request (http://localhost:3000/_nuxt/client/client/client.gen.ts:55:24)
    at async Object.getIBoardIndices (http://localhost:3000/_nuxt/client/stockService.ts:79:15)
    at async loadIndices (http://localhost:3000/_nuxt/pages/iboard/index.vue?t=1791129435341:866:17) @ http://localhost:3000/_nuxt/pages/iboard/index.vue?t=1791129435341:946
[32865042ms] [ERROR] Failed to load resource: the server responded with a status of 500 (Internal Server Error) @ http://localhost:3000/api/v1/stock/iboard/indices:0
[32865043ms] [WARNING] Could not fetch indices from backend: AxiosError: Request failed with status code 500
    at settle (http://localhost:3000/_nuxt/node_modules/.cache/vite/client/deps/axios.js?v=d096a14f:1799:12)
    at XMLHttpRequest.onloadend (http://localhost:3000/_nuxt/node_modules/.cache/vite/client/deps/axios.js?v=d096a14f:2329:7)
    at Axios.request (http://localhost:3000/_nuxt/node_modules/.cache/vite/client/deps/axios.js?v=d096a14f:3340:43)
    at async request (http://localhost:3000/_nuxt/client/client/client.gen.ts:55:24)
    at async Object.getIBoardIndices (http://localhost:3000/_nuxt/client/stockService.ts:79:15)
    at async loadIndices (http://localhost:3000/_nuxt/pages/iboard/index.vue?t=1791129435341:866:17) @ http://localhost:3000/_nuxt/pages/iboard/index.vue?t=1791129435341:946
[32877174ms] [ERROR] Failed to load resource: the server responded with a status of 500 (Internal Server Error) @ http://localhost:3000/api/v1/stock/iboard/indices:0
[32877174ms] [WARNING] Could not fetch indices from backend: AxiosError: Request failed with status code 500
    at settle (http://localhost:3000/_nuxt/node_modules/.cache/vite/client/deps/axios.js?v=d096a14f:1799:12)
    at XMLHttpRequest.onloadend (http://localhost:3000/_nuxt/node_modules/.cache/vite/client/deps/axios.js?v=d096a14f:2329:7)
    at Axios.request (http://localhost:3000/_nuxt/node_modules/.cache/vite/client/deps/axios.js?v=d096a14f:3340:43)
    at async request (http://localhost:3000/_nuxt/client/client/client.gen.ts:55:24)
    at async Object.getIBoardIndices (http://localhost:3000/_nuxt/client/stockService.ts:79:15)
    at async loadIndices (http://localhost:3000/_nuxt/pages/iboard/index.vue?t=1791129435341:866:17) @ http://localhost:3000/_nuxt/pages/iboard/index.vue?t=1791129435341:946
[32881937ms] [ERROR] Failed to load resource: the server responded with a status of 500 (Internal Server Error) @ http://localhost:3000/api/v1/stock/iboard/indices:0
[32881937ms] [WARNING] Could not fetch indices from backend: AxiosError: Request failed with status code 500
    at settle (http://localhost:3000/_nuxt/node_modules/.cache/vite/client/deps/axios.js?v=d096a14f:1799:12)
    at XMLHttpRequest.onloadend (http://localhost:3000/_nuxt/node_modules/.cache/vite/client/deps/axios.js?v=d096a14f:2329:7)
    at Axios.request (http://localhost:3000/_nuxt/node_modules/.cache/vite/client/deps/axios.js?v=d096a14f:3340:43)
    at async request (http://localhost:3000/_nuxt/client/client/client.gen.ts:55:24)
    at async Object.getIBoardIndices (http://localhost:3000/_nuxt/client/stockService.ts:79:15)
    at async loadIndices (http://localhost:3000/_nuxt/pages/iboard/index.vue?t=1791129435341:866:17) @ http://localhost:3000/_nuxt/pages/iboard/index.vue?t=1791129435341:946
[32898015ms] [ERROR] Failed to load resource: the server responded with a status of 500 (Internal Server Error) @ http://localhost:3000/api/v1/stock/iboard/indices:0
[32898015ms] [WARNING] Could not fetch indices from backend: AxiosError: Request failed with status code 500
    at settle (http://localhost:3000/_nuxt/node_modules/.cache/vite/client/deps/axios.js?v=d096a14f:1799:12)
    at XMLHttpRequest.onloadend (http://localhost:3000/_nuxt/node_modules/.cache/vite/client/deps/axios.js?v=d096a14f:2329:7)
    at Axios.request (http://localhost:3000/_nuxt/node_modules/.cache/vite/client/deps/axios.js?v=d096a14f:3340:43)
    at async request (http://localhost:3000/_nuxt/client/client/client.gen.ts:55:24)
    at async Object.getIBoardIndices (http://localhost:3000/_nuxt/client/stockService.ts:79:15)
    at async loadIndices (http://localhost:3000/_nuxt/pages/iboard/index.vue?t=1791129435341:866:17) @ http://localhost:3000/_nuxt/pages/iboard/index.vue?t=1791129435341:946
[32922519ms] [ERROR] Failed to load resource: the server responded with a status of 500 (Internal Server Error) @ http://localhost:3000/api/v1/stock/iboard/indices:0
[32922519ms] [WARNING] Could not fetch indices from backend: AxiosError: Request failed with status code 500
    at settle (http://localhost:3000/_nuxt/node_modules/.cache/vite/client/deps/axios.js?v=d096a14f:1799:12)
    at XMLHttpRequest.onloadend (http://localhost:3000/_nuxt/node_modules/.cache/vite/client/deps/axios.js?v=d096a14f:2329:7)
    at Axios.request (http://localhost:3000/_nuxt/node_modules/.cache/vite/client/deps/axios.js?v=d096a14f:3340:43)
    at async request (http://localhost:3000/_nuxt/client/client/client.gen.ts:55:24)
    at async Object.getIBoardIndices (http://localhost:3000/_nuxt/client/stockService.ts:79:15)
    at async loadIndices (http://localhost:3000/_nuxt/pages/iboard/index.vue?t=1791131033647:866:17) @ http://localhost:3000/_nuxt/pages/iboard/index.vue?t=1791131033647:940
[32925196ms] [ERROR] Failed to load resource: the server responded with a status of 500 (Internal Server Error) @ http://localhost:3000/api/v1/stock/iboard/indices:0
[32925196ms] [WARNING] Could not fetch indices from backend: AxiosError: Request failed with status code 500
    at settle (http://localhost:3000/_nuxt/node_modules/.cache/vite/client/deps/axios.js?v=d096a14f:1799:12)
    at XMLHttpRequest.onloadend (http://localhost:3000/_nuxt/node_modules/.cache/vite/client/deps/axios.js?v=d096a14f:2329:7)
    at Axios.request (http://localhost:3000/_nuxt/node_modules/.cache/vite/client/deps/axios.js?v=d096a14f:3340:43)
    at async request (http://localhost:3000/_nuxt/client/client/client.gen.ts:55:24)
    at async Object.getIBoardIndices (http://localhost:3000/_nuxt/client/stockService.ts:79:15)
    at async loadIndices (http://localhost:3000/_nuxt/pages/iboard/index.vue?t=1791131033647:866:17) @ http://localhost:3000/_nuxt/pages/iboard/index.vue?t=1791131033647:940
[32928700ms] [ERROR] Failed to load resource: the server responded with a status of 500 (Internal Server Error) @ http://localhost:3000/api/v1/stock/iboard/indices:0
[32928700ms] [WARNING] Could not fetch indices from backend: AxiosError: Request failed with status code 500
    at settle (http://localhost:3000/_nuxt/node_modules/.cache/vite/client/deps/axios.js?v=d096a14f:1799:12)
    at XMLHttpRequest.onloadend (http://localhost:3000/_nuxt/node_modules/.cache/vite/client/deps/axios.js?v=d096a14f:2329:7)
    at Axios.request (http://localhost:3000/_nuxt/node_modules/.cache/vite/client/deps/axios.js?v=d096a14f:3340:43)
    at async request (http://localhost:3000/_nuxt/client/client/client.gen.ts:55:24)
    at async Object.getIBoardIndices (http://localhost:3000/_nuxt/client/stockService.ts:79:15)
    at async loadIndices (http://localhost:3000/_nuxt/pages/iboard/index.vue?t=1791131033647:866:17) @ http://localhost:3000/_nuxt/pages/iboard/index.vue?t=1791131033647:940
