[    2532ms] [INFO] <Suspense> is an experimental feature and its API will likely change. @ http://localhost:3000/_nuxt/@fs/Volumes/developer101/code/vnstock/node_modules/@vue/runtime-core/dist/runtime-core.esm-bundler.js?v=d096a14f:7401
[30618506ms] [WARNING] Could not fetch indices from backend: AxiosError: Network Error
    at XMLHttpRequest.handleError (http://localhost:3000/_nuxt/node_modules/.cache/vite/client/deps/axios.js?v=d096a14f:2365:19)
    at Axios.request (http://localhost:3000/_nuxt/node_modules/.cache/vite/client/deps/axios.js?v=d096a14f:3340:43)
    at async request (http://localhost:3000/_nuxt/client/client/client.gen.ts:55:24)
    at async Object.getIBoardIndices (http://localhost:3000/_nuxt/client/stockService.ts?t=1791065583511:79:15)
    at async loadIndices (http://localhost:3000/_nuxt/pages/iboard/index.vue?t=1791066583601:310:17) @ http://localhost:3000/_nuxt/pages/iboard/index.vue?t=1791066583601:390
[30618506ms] [ERROR] Failed to load resource: net::ERR_CONNECTION_REFUSED @ http://localhost:3000/api/v1/stock/iboard/indices:0
[30618506ms] [WARNING] Could not fetch board data from backend: AxiosError: Network Error
    at XMLHttpRequest.handleError (http://localhost:3000/_nuxt/node_modules/.cache/vite/client/deps/axios.js?v=d096a14f:2365:19)
    at Axios.request (http://localhost:3000/_nuxt/node_modules/.cache/vite/client/deps/axios.js?v=d096a14f:3340:43)
    at async request (http://localhost:3000/_nuxt/client/client/client.gen.ts:55:24)
    at async Object.getIBoardBoard (http://localhost:3000/_nuxt/client/stockService.ts?t=1791065583511:86:15)
    at async loadBoardData (http://localhost:3000/_nuxt/pages/iboard/index.vue?t=1791066583601:397:17) @ http://localhost:3000/_nuxt/pages/iboard/index.vue?t=1791066583601:411
[30618506ms] [ERROR] Failed to load resource: net::ERR_CONNECTION_REFUSED @ http://localhost:3000/api/v1/stock/iboard/board?category=listed&group=VN30&limit=100:0
[30624507ms] [WARNING] Could not fetch indices from backend: AxiosError: Network Error
    at XMLHttpRequest.handleError (http://localhost:3000/_nuxt/node_modules/.cache/vite/client/deps/axios.js?v=d096a14f:2365:19)
    at Axios.request (http://localhost:3000/_nuxt/node_modules/.cache/vite/client/deps/axios.js?v=d096a14f:3340:43)
    at async request (http://localhost:3000/_nuxt/client/client/client.gen.ts:55:24)
    at async Object.getIBoardIndices (http://localhost:3000/_nuxt/client/stockService.ts?t=1791065583511:79:15)
    at async loadIndices (http://localhost:3000/_nuxt/pages/iboard/index.vue?t=1791066583601:310:17) @ http://localhost:3000/_nuxt/pages/iboard/index.vue?t=1791066583601:390
[30624507ms] [ERROR] Failed to load resource: net::ERR_CONNECTION_REFUSED @ http://localhost:3000/api/v1/stock/iboard/indices:0
[30624507ms] [WARNING] Could not fetch board data from backend: AxiosError: Network Error
    at XMLHttpRequest.handleError (http://localhost:3000/_nuxt/node_modules/.cache/vite/client/deps/axios.js?v=d096a14f:2365:19)
    at Axios.request (http://localhost:3000/_nuxt/node_modules/.cache/vite/client/deps/axios.js?v=d096a14f:3340:43)
    at async request (http://localhost:3000/_nuxt/client/client/client.gen.ts:55:24)
    at async Object.getIBoardBoard (http://localhost:3000/_nuxt/client/stockService.ts?t=1791065583511:86:15)
    at async loadBoardData (http://localhost:3000/_nuxt/pages/iboard/index.vue?t=1791066583601:397:17) @ http://localhost:3000/_nuxt/pages/iboard/index.vue?t=1791066583601:411
[30624507ms] [ERROR] Failed to load resource: net::ERR_CONNECTION_REFUSED @ http://localhost:3000/api/v1/stock/iboard/board?category=listed&group=VN30&limit=100:0
[30630505ms] [WARNING] Could not fetch indices from backend: AxiosError: Network Error
    at XMLHttpRequest.handleError (http://localhost:3000/_nuxt/node_modules/.cache/vite/client/deps/axios.js?v=d096a14f:2365:19)
    at Axios.request (http://localhost:3000/_nuxt/node_modules/.cache/vite/client/deps/axios.js?v=d096a14f:3340:43)
    at async request (http://localhost:3000/_nuxt/client/client/client.gen.ts:55:24)
    at async Object.getIBoardIndices (http://localhost:3000/_nuxt/client/stockService.ts?t=1791065583511:79:15)
    at async loadIndices (http://localhost:3000/_nuxt/pages/iboard/index.vue?t=1791066583601:310:17) @ http://localhost:3000/_nuxt/pages/iboard/index.vue?t=1791066583601:390
[30630505ms] [ERROR] Failed to load resource: net::ERR_CONNECTION_REFUSED @ http://localhost:3000/api/v1/stock/iboard/indices:0
[30630505ms] [WARNING] Could not fetch board data from backend: AxiosError: Network Error
    at XMLHttpRequest.handleError (http://localhost:3000/_nuxt/node_modules/.cache/vite/client/deps/axios.js?v=d096a14f:2365:19)
    at Axios.request (http://localhost:3000/_nuxt/node_modules/.cache/vite/client/deps/axios.js?v=d096a14f:3340:43)
    at async request (http://localhost:3000/_nuxt/client/client/client.gen.ts:55:24)
    at async Object.getIBoardBoard (http://localhost:3000/_nuxt/client/stockService.ts?t=1791065583511:86:15)
    at async loadBoardData (http://localhost:3000/_nuxt/pages/iboard/index.vue?t=1791066583601:397:17) @ http://localhost:3000/_nuxt/pages/iboard/index.vue?t=1791066583601:411
[30630505ms] [ERROR] Failed to load resource: net::ERR_CONNECTION_REFUSED @ http://localhost:3000/api/v1/stock/iboard/board?category=listed&group=VN30&limit=100:0
[30636505ms] [WARNING] Could not fetch indices from backend: AxiosError: Network Error
    at XMLHttpRequest.handleError (http://localhost:3000/_nuxt/node_modules/.cache/vite/client/deps/axios.js?v=d096a14f:2365:19)
    at Axios.request (http://localhost:3000/_nuxt/node_modules/.cache/vite/client/deps/axios.js?v=d096a14f:3340:43)
    at async request (http://localhost:3000/_nuxt/client/client/client.gen.ts:55:24)
    at async Object.getIBoardIndices (http://localhost:3000/_nuxt/client/stockService.ts?t=1791065583511:79:15)
    at async loadIndices (http://localhost:3000/_nuxt/pages/iboard/index.vue?t=1791066583601:310:17) @ http://localhost:3000/_nuxt/pages/iboard/index.vue?t=1791066583601:390
[30636505ms] [ERROR] Failed to load resource: net::ERR_CONNECTION_REFUSED @ http://localhost:3000/api/v1/stock/iboard/indices:0
[30636505ms] [WARNING] Could not fetch board data from backend: AxiosError: Network Error
    at XMLHttpRequest.handleError (http://localhost:3000/_nuxt/node_modules/.cache/vite/client/deps/axios.js?v=d096a14f:2365:19)
    at Axios.request (http://localhost:3000/_nuxt/node_modules/.cache/vite/client/deps/axios.js?v=d096a14f:3340:43)
    at async request (http://localhost:3000/_nuxt/client/client/client.gen.ts:55:24)
    at async Object.getIBoardBoard (http://localhost:3000/_nuxt/client/stockService.ts?t=1791065583511:86:15)
    at async loadBoardData (http://localhost:3000/_nuxt/pages/iboard/index.vue?t=1791066583601:397:17) @ http://localhost:3000/_nuxt/pages/iboard/index.vue?t=1791066583601:411
[30636506ms] [ERROR] Failed to load resource: net::ERR_CONNECTION_REFUSED @ http://localhost:3000/api/v1/stock/iboard/board?category=listed&group=VN30&limit=100:0
[30642507ms] [WARNING] Could not fetch indices from backend: AxiosError: Network Error
    at XMLHttpRequest.handleError (http://localhost:3000/_nuxt/node_modules/.cache/vite/client/deps/axios.js?v=d096a14f:2365:19)
    at Axios.request (http://localhost:3000/_nuxt/node_modules/.cache/vite/client/deps/axios.js?v=d096a14f:3340:43)
    at async request (http://localhost:3000/_nuxt/client/client/client.gen.ts:55:24)
    at async Object.getIBoardIndices (http://localhost:3000/_nuxt/client/stockService.ts?t=1791065583511:79:15)
    at async loadIndices (http://localhost:3000/_nuxt/pages/iboard/index.vue?t=1791066583601:310:17) @ http://localhost:3000/_nuxt/pages/iboard/index.vue?t=1791066583601:390
[30642507ms] [ERROR] Failed to load resource: net::ERR_CONNECTION_REFUSED @ http://localhost:3000/api/v1/stock/iboard/indices:0
[30642507ms] [WARNING] Could not fetch board data from backend: AxiosError: Network Error
    at XMLHttpRequest.handleError (http://localhost:3000/_nuxt/node_modules/.cache/vite/client/deps/axios.js?v=d096a14f:2365:19)
    at Axios.request (http://localhost:3000/_nuxt/node_modules/.cache/vite/client/deps/axios.js?v=d096a14f:3340:43)
    at async request (http://localhost:3000/_nuxt/client/client/client.gen.ts:55:24)
    at async Object.getIBoardBoard (http://localhost:3000/_nuxt/client/stockService.ts?t=1791065583511:86:15)
    at async loadBoardData (http://localhost:3000/_nuxt/pages/iboard/index.vue?t=1791066583601:397:17) @ http://localhost:3000/_nuxt/pages/iboard/index.vue?t=1791066583601:411
[30642507ms] [ERROR] Failed to load resource: net::ERR_CONNECTION_REFUSED @ http://localhost:3000/api/v1/stock/iboard/board?category=listed&group=VN30&limit=100:0
[30648506ms] [WARNING] Could not fetch indices from backend: AxiosError: Network Error
    at XMLHttpRequest.handleError (http://localhost:3000/_nuxt/node_modules/.cache/vite/client/deps/axios.js?v=d096a14f:2365:19)
    at Axios.request (http://localhost:3000/_nuxt/node_modules/.cache/vite/client/deps/axios.js?v=d096a14f:3340:43)
    at async request (http://localhost:3000/_nuxt/client/client/client.gen.ts:55:24)
    at async Object.getIBoardIndices (http://localhost:3000/_nuxt/client/stockService.ts?t=1791065583511:79:15)
    at async loadIndices (http://localhost:3000/_nuxt/pages/iboard/index.vue?t=1791066583601:310:17) @ http://localhost:3000/_nuxt/pages/iboard/index.vue?t=1791066583601:390
[30648506ms] [ERROR] Failed to load resource: net::ERR_CONNECTION_REFUSED @ http://localhost:3000/api/v1/stock/iboard/indices:0
[30648507ms] [WARNING] Could not fetch board data from backend: AxiosError: Network Error
    at XMLHttpRequest.handleError (http://localhost:3000/_nuxt/node_modules/.cache/vite/client/deps/axios.js?v=d096a14f:2365:19)
    at Axios.request (http://localhost:3000/_nuxt/node_modules/.cache/vite/client/deps/axios.js?v=d096a14f:3340:43)
    at async request (http://localhost:3000/_nuxt/client/client/client.gen.ts:55:24)
    at async Object.getIBoardBoard (http://localhost:3000/_nuxt/client/stockService.ts?t=1791065583511:86:15)
    at async loadBoardData (http://localhost:3000/_nuxt/pages/iboard/index.vue?t=1791066583601:397:17) @ http://localhost:3000/_nuxt/pages/iboard/index.vue?t=1791066583601:411
[30648507ms] [ERROR] Failed to load resource: net::ERR_CONNECTION_REFUSED @ http://localhost:3000/api/v1/stock/iboard/board?category=listed&group=VN30&limit=100:0
[30654505ms] [WARNING] Could not fetch indices from backend: AxiosError: Network Error
    at XMLHttpRequest.handleError (http://localhost:3000/_nuxt/node_modules/.cache/vite/client/deps/axios.js?v=d096a14f:2365:19)
    at Axios.request (http://localhost:3000/_nuxt/node_modules/.cache/vite/client/deps/axios.js?v=d096a14f:3340:43)
    at async request (http://localhost:3000/_nuxt/client/client/client.gen.ts:55:24)
    at async Object.getIBoardIndices (http://localhost:3000/_nuxt/client/stockService.ts?t=1791065583511:79:15)
    at async loadIndices (http://localhost:3000/_nuxt/pages/iboard/index.vue?t=1791066583601:310:17) @ http://localhost:3000/_nuxt/pages/iboard/index.vue?t=1791066583601:390
[30654505ms] [ERROR] Failed to load resource: net::ERR_CONNECTION_REFUSED @ http://localhost:3000/api/v1/stock/iboard/indices:0
[30654506ms] [WARNING] Could not fetch board data from backend: AxiosError: Network Error
    at XMLHttpRequest.handleError (http://localhost:3000/_nuxt/node_modules/.cache/vite/client/deps/axios.js?v=d096a14f:2365:19)
    at Axios.request (http://localhost:3000/_nuxt/node_modules/.cache/vite/client/deps/axios.js?v=d096a14f:3340:43)
    at async request (http://localhost:3000/_nuxt/client/client/client.gen.ts:55:24)
    at async Object.getIBoardBoard (http://localhost:3000/_nuxt/client/stockService.ts?t=1791065583511:86:15)
    at async loadBoardData (http://localhost:3000/_nuxt/pages/iboard/index.vue?t=1791066583601:397:17) @ http://localhost:3000/_nuxt/pages/iboard/index.vue?t=1791066583601:411
[30654506ms] [ERROR] Failed to load resource: net::ERR_CONNECTION_REFUSED @ http://localhost:3000/api/v1/stock/iboard/board?category=listed&group=VN30&limit=100:0
[30660505ms] [WARNING] Could not fetch indices from backend: AxiosError: Network Error
    at XMLHttpRequest.handleError (http://localhost:3000/_nuxt/node_modules/.cache/vite/client/deps/axios.js?v=d096a14f:2365:19)
    at Axios.request (http://localhost:3000/_nuxt/node_modules/.cache/vite/client/deps/axios.js?v=d096a14f:3340:43)
    at async request (http://localhost:3000/_nuxt/client/client/client.gen.ts:55:24)
    at async Object.getIBoardIndices (http://localhost:3000/_nuxt/client/stockService.ts?t=1791065583511:79:15)
    at async loadIndices (http://localhost:3000/_nuxt/pages/iboard/index.vue?t=1791066583601:310:17) @ http://localhost:3000/_nuxt/pages/iboard/index.vue?t=1791066583601:390
[30660505ms] [ERROR] Failed to load resource: net::ERR_CONNECTION_REFUSED @ http://localhost:3000/api/v1/stock/iboard/indices:0
[30660505ms] [WARNING] Could not fetch board data from backend: AxiosError: Network Error
    at XMLHttpRequest.handleError (http://localhost:3000/_nuxt/node_modules/.cache/vite/client/deps/axios.js?v=d096a14f:2365:19)
    at Axios.request (http://localhost:3000/_nuxt/node_modules/.cache/vite/client/deps/axios.js?v=d096a14f:3340:43)
    at async request (http://localhost:3000/_nuxt/client/client/client.gen.ts:55:24)
    at async Object.getIBoardBoard (http://localhost:3000/_nuxt/client/stockService.ts?t=1791065583511:86:15)
    at async loadBoardData (http://localhost:3000/_nuxt/pages/iboard/index.vue?t=1791066583601:397:17) @ http://localhost:3000/_nuxt/pages/iboard/index.vue?t=1791066583601:411
[30660505ms] [ERROR] Failed to load resource: net::ERR_CONNECTION_REFUSED @ http://localhost:3000/api/v1/stock/iboard/board?category=listed&group=VN30&limit=100:0
[30666505ms] [WARNING] Could not fetch indices from backend: AxiosError: Network Error
    at XMLHttpRequest.handleError (http://localhost:3000/_nuxt/node_modules/.cache/vite/client/deps/axios.js?v=d096a14f:2365:19)
    at Axios.request (http://localhost:3000/_nuxt/node_modules/.cache/vite/client/deps/axios.js?v=d096a14f:3340:43)
    at async request (http://localhost:3000/_nuxt/client/client/client.gen.ts:55:24)
    at async Object.getIBoardIndices (http://localhost:3000/_nuxt/client/stockService.ts?t=1791065583511:79:15)
    at async loadIndices (http://localhost:3000/_nuxt/pages/iboard/index.vue?t=1791066583601:310:17) @ http://localhost:3000/_nuxt/pages/iboard/index.vue?t=1791066583601:390
[30666505ms] [ERROR] Failed to load resource: net::ERR_CONNECTION_REFUSED @ http://localhost:3000/api/v1/stock/iboard/indices:0
[30666505ms] [WARNING] Could not fetch board data from backend: AxiosError: Network Error
    at XMLHttpRequest.handleError (http://localhost:3000/_nuxt/node_modules/.cache/vite/client/deps/axios.js?v=d096a14f:2365:19)
    at Axios.request (http://localhost:3000/_nuxt/node_modules/.cache/vite/client/deps/axios.js?v=d096a14f:3340:43)
    at async request (http://localhost:3000/_nuxt/client/client/client.gen.ts:55:24)
    at async Object.getIBoardBoard (http://localhost:3000/_nuxt/client/stockService.ts?t=1791065583511:86:15)
    at async loadBoardData (http://localhost:3000/_nuxt/pages/iboard/index.vue?t=1791066583601:397:17) @ http://localhost:3000/_nuxt/pages/iboard/index.vue?t=1791066583601:411
[30666505ms] [ERROR] Failed to load resource: net::ERR_CONNECTION_REFUSED @ http://localhost:3000/api/v1/stock/iboard/board?category=listed&group=VN30&limit=100:0
[30672506ms] [WARNING] Could not fetch indices from backend: AxiosError: Network Error
    at XMLHttpRequest.handleError (http://localhost:3000/_nuxt/node_modules/.cache/vite/client/deps/axios.js?v=d096a14f:2365:19)
    at Axios.request (http://localhost:3000/_nuxt/node_modules/.cache/vite/client/deps/axios.js?v=d096a14f:3340:43)
    at async request (http://localhost:3000/_nuxt/client/client/client.gen.ts:55:24)
    at async Object.getIBoardIndices (http://localhost:3000/_nuxt/client/stockService.ts?t=1791065583511:79:15)
    at async loadIndices (http://localhost:3000/_nuxt/pages/iboard/index.vue?t=1791066583601:310:17) @ http://localhost:3000/_nuxt/pages/iboard/index.vue?t=1791066583601:390
[30672506ms] [ERROR] Failed to load resource: net::ERR_CONNECTION_REFUSED @ http://localhost:3000/api/v1/stock/iboard/indices:0
[30672506ms] [WARNING] Could not fetch board data from backend: AxiosError: Network Error
    at XMLHttpRequest.handleError (http://localhost:3000/_nuxt/node_modules/.cache/vite/client/deps/axios.js?v=d096a14f:2365:19)
    at Axios.request (http://localhost:3000/_nuxt/node_modules/.cache/vite/client/deps/axios.js?v=d096a14f:3340:43)
    at async request (http://localhost:3000/_nuxt/client/client/client.gen.ts:55:24)
    at async Object.getIBoardBoard (http://localhost:3000/_nuxt/client/stockService.ts?t=1791065583511:86:15)
    at async loadBoardData (http://localhost:3000/_nuxt/pages/iboard/index.vue?t=1791066583601:397:17) @ http://localhost:3000/_nuxt/pages/iboard/index.vue?t=1791066583601:411
[30672506ms] [ERROR] Failed to load resource: net::ERR_CONNECTION_REFUSED @ http://localhost:3000/api/v1/stock/iboard/board?category=listed&group=VN30&limit=100:0
[30678505ms] [WARNING] Could not fetch indices from backend: AxiosError: Network Error
    at XMLHttpRequest.handleError (http://localhost:3000/_nuxt/node_modules/.cache/vite/client/deps/axios.js?v=d096a14f:2365:19)
    at Axios.request (http://localhost:3000/_nuxt/node_modules/.cache/vite/client/deps/axios.js?v=d096a14f:3340:43)
    at async request (http://localhost:3000/_nuxt/client/client/client.gen.ts:55:24)
    at async Object.getIBoardIndices (http://localhost:3000/_nuxt/client/stockService.ts?t=1791065583511:79:15)
    at async loadIndices (http://localhost:3000/_nuxt/pages/iboard/index.vue?t=1791066583601:310:17) @ http://localhost:3000/_nuxt/pages/iboard/index.vue?t=1791066583601:390
[30678505ms] [ERROR] Failed to load resource: net::ERR_CONNECTION_REFUSED @ http://localhost:3000/api/v1/stock/iboard/indices:0
[30678505ms] [WARNING] Could not fetch board data from backend: AxiosError: Network Error
    at XMLHttpRequest.handleError (http://localhost:3000/_nuxt/node_modules/.cache/vite/client/deps/axios.js?v=d096a14f:2365:19)
    at Axios.request (http://localhost:3000/_nuxt/node_modules/.cache/vite/client/deps/axios.js?v=d096a14f:3340:43)
    at async request (http://localhost:3000/_nuxt/client/client/client.gen.ts:55:24)
    at async Object.getIBoardBoard (http://localhost:3000/_nuxt/client/stockService.ts?t=1791065583511:86:15)
    at async loadBoardData (http://localhost:3000/_nuxt/pages/iboard/index.vue?t=1791066583601:397:17) @ http://localhost:3000/_nuxt/pages/iboard/index.vue?t=1791066583601:411
[30678505ms] [ERROR] Failed to load resource: net::ERR_CONNECTION_REFUSED @ http://localhost:3000/api/v1/stock/iboard/board?category=listed&group=VN30&limit=100:0
[30684505ms] [WARNING] Could not fetch indices from backend: AxiosError: Network Error
    at XMLHttpRequest.handleError (http://localhost:3000/_nuxt/node_modules/.cache/vite/client/deps/axios.js?v=d096a14f:2365:19)
    at Axios.request (http://localhost:3000/_nuxt/node_modules/.cache/vite/client/deps/axios.js?v=d096a14f:3340:43)
    at async request (http://localhost:3000/_nuxt/client/client/client.gen.ts:55:24)
    at async Object.getIBoardIndices (http://localhost:3000/_nuxt/client/stockService.ts?t=1791065583511:79:15)
    at async loadIndices (http://localhost:3000/_nuxt/pages/iboard/index.vue?t=1791066583601:310:17) @ http://localhost:3000/_nuxt/pages/iboard/index.vue?t=1791066583601:390
[30684505ms] [ERROR] Failed to load resource: net::ERR_CONNECTION_REFUSED @ http://localhost:3000/api/v1/stock/iboard/indices:0
[30684505ms] [WARNING] Could not fetch board data from backend: AxiosError: Network Error
    at XMLHttpRequest.handleError (http://localhost:3000/_nuxt/node_modules/.cache/vite/client/deps/axios.js?v=d096a14f:2365:19)
    at Axios.request (http://localhost:3000/_nuxt/node_modules/.cache/vite/client/deps/axios.js?v=d096a14f:3340:43)
    at async request (http://localhost:3000/_nuxt/client/client/client.gen.ts:55:24)
    at async Object.getIBoardBoard (http://localhost:3000/_nuxt/client/stockService.ts?t=1791065583511:86:15)
    at async loadBoardData (http://localhost:3000/_nuxt/pages/iboard/index.vue?t=1791066583601:397:17) @ http://localhost:3000/_nuxt/pages/iboard/index.vue?t=1791066583601:411
[30684505ms] [ERROR] Failed to load resource: net::ERR_CONNECTION_REFUSED @ http://localhost:3000/api/v1/stock/iboard/board?category=listed&group=VN30&limit=100:0
[30690505ms] [WARNING] Could not fetch indices from backend: AxiosError: Network Error
    at XMLHttpRequest.handleError (http://localhost:3000/_nuxt/node_modules/.cache/vite/client/deps/axios.js?v=d096a14f:2365:19)
    at Axios.request (http://localhost:3000/_nuxt/node_modules/.cache/vite/client/deps/axios.js?v=d096a14f:3340:43)
    at async request (http://localhost:3000/_nuxt/client/client/client.gen.ts:55:24)
    at async Object.getIBoardIndices (http://localhost:3000/_nuxt/client/stockService.ts?t=1791065583511:79:15)
    at async loadIndices (http://localhost:3000/_nuxt/pages/iboard/index.vue?t=1791066583601:310:17) @ http://localhost:3000/_nuxt/pages/iboard/index.vue?t=1791066583601:390
[30690505ms] [ERROR] Failed to load resource: net::ERR_CONNECTION_REFUSED @ http://localhost:3000/api/v1/stock/iboard/indices:0
[30690505ms] [WARNING] Could not fetch board data from backend: AxiosError: Network Error
    at XMLHttpRequest.handleError (http://localhost:3000/_nuxt/node_modules/.cache/vite/client/deps/axios.js?v=d096a14f:2365:19)
    at Axios.request (http://localhost:3000/_nuxt/node_modules/.cache/vite/client/deps/axios.js?v=d096a14f:3340:43)
    at async request (http://localhost:3000/_nuxt/client/client/client.gen.ts:55:24)
    at async Object.getIBoardBoard (http://localhost:3000/_nuxt/client/stockService.ts?t=1791065583511:86:15)
    at async loadBoardData (http://localhost:3000/_nuxt/pages/iboard/index.vue?t=1791066583601:397:17) @ http://localhost:3000/_nuxt/pages/iboard/index.vue?t=1791066583601:411
[30690505ms] [ERROR] Failed to load resource: net::ERR_CONNECTION_REFUSED @ http://localhost:3000/api/v1/stock/iboard/board?category=listed&group=VN30&limit=100:0
[30696505ms] [WARNING] Could not fetch indices from backend: AxiosError: Network Error
    at XMLHttpRequest.handleError (http://localhost:3000/_nuxt/node_modules/.cache/vite/client/deps/axios.js?v=d096a14f:2365:19)
    at Axios.request (http://localhost:3000/_nuxt/node_modules/.cache/vite/client/deps/axios.js?v=d096a14f:3340:43)
    at async request (http://localhost:3000/_nuxt/client/client/client.gen.ts:55:24)
    at async Object.getIBoardIndices (http://localhost:3000/_nuxt/client/stockService.ts?t=1791065583511:79:15)
    at async loadIndices (http://localhost:3000/_nuxt/pages/iboard/index.vue?t=1791066583601:310:17) @ http://localhost:3000/_nuxt/pages/iboard/index.vue?t=1791066583601:390
[30696505ms] [ERROR] Failed to load resource: net::ERR_CONNECTION_REFUSED @ http://localhost:3000/api/v1/stock/iboard/indices:0
[30696505ms] [WARNING] Could not fetch board data from backend: AxiosError: Network Error
    at XMLHttpRequest.handleError (http://localhost:3000/_nuxt/node_modules/.cache/vite/client/deps/axios.js?v=d096a14f:2365:19)
    at Axios.request (http://localhost:3000/_nuxt/node_modules/.cache/vite/client/deps/axios.js?v=d096a14f:3340:43)
    at async request (http://localhost:3000/_nuxt/client/client/client.gen.ts:55:24)
    at async Object.getIBoardBoard (http://localhost:3000/_nuxt/client/stockService.ts?t=1791065583511:86:15)
    at async loadBoardData (http://localhost:3000/_nuxt/pages/iboard/index.vue?t=1791066583601:397:17) @ http://localhost:3000/_nuxt/pages/iboard/index.vue?t=1791066583601:411
[30696505ms] [ERROR] Failed to load resource: net::ERR_CONNECTION_REFUSED @ http://localhost:3000/api/v1/stock/iboard/board?category=listed&group=VN30&limit=100:0
[30702505ms] [WARNING] Could not fetch indices from backend: AxiosError: Network Error
    at XMLHttpRequest.handleError (http://localhost:3000/_nuxt/node_modules/.cache/vite/client/deps/axios.js?v=d096a14f:2365:19)
    at Axios.request (http://localhost:3000/_nuxt/node_modules/.cache/vite/client/deps/axios.js?v=d096a14f:3340:43)
    at async request (http://localhost:3000/_nuxt/client/client/client.gen.ts:55:24)
    at async Object.getIBoardIndices (http://localhost:3000/_nuxt/client/stockService.ts?t=1791065583511:79:15)
    at async loadIndices (http://localhost:3000/_nuxt/pages/iboard/index.vue?t=1791066583601:310:17) @ http://localhost:3000/_nuxt/pages/iboard/index.vue?t=1791066583601:390
[30702505ms] [ERROR] Failed to load resource: net::ERR_CONNECTION_REFUSED @ http://localhost:3000/api/v1/stock/iboard/indices:0
[30702505ms] [WARNING] Could not fetch board data from backend: AxiosError: Network Error
    at XMLHttpRequest.handleError (http://localhost:3000/_nuxt/node_modules/.cache/vite/client/deps/axios.js?v=d096a14f:2365:19)
    at Axios.request (http://localhost:3000/_nuxt/node_modules/.cache/vite/client/deps/axios.js?v=d096a14f:3340:43)
    at async request (http://localhost:3000/_nuxt/client/client/client.gen.ts:55:24)
    at async Object.getIBoardBoard (http://localhost:3000/_nuxt/client/stockService.ts?t=1791065583511:86:15)
    at async loadBoardData (http://localhost:3000/_nuxt/pages/iboard/index.vue?t=1791066583601:397:17) @ http://localhost:3000/_nuxt/pages/iboard/index.vue?t=1791066583601:411
[30702505ms] [ERROR] Failed to load resource: net::ERR_CONNECTION_REFUSED @ http://localhost:3000/api/v1/stock/iboard/board?category=listed&group=VN30&limit=100:0
[30708506ms] [WARNING] Could not fetch indices from backend: AxiosError: Network Error
    at XMLHttpRequest.handleError (http://localhost:3000/_nuxt/node_modules/.cache/vite/client/deps/axios.js?v=d096a14f:2365:19)
    at Axios.request (http://localhost:3000/_nuxt/node_modules/.cache/vite/client/deps/axios.js?v=d096a14f:3340:43)
    at async request (http://localhost:3000/_nuxt/client/client/client.gen.ts:55:24)
    at async Object.getIBoardIndices (http://localhost:3000/_nuxt/client/stockService.ts?t=1791065583511:79:15)
    at async loadIndices (http://localhost:3000/_nuxt/pages/iboard/index.vue?t=1791066583601:310:17) @ http://localhost:3000/_nuxt/pages/iboard/index.vue?t=1791066583601:390
[30708506ms] [ERROR] Failed to load resource: net::ERR_CONNECTION_REFUSED @ http://localhost:3000/api/v1/stock/iboard/indices:0
[30708506ms] [WARNING] Could not fetch board data from backend: AxiosError: Network Error
    at XMLHttpRequest.handleError (http://localhost:3000/_nuxt/node_modules/.cache/vite/client/deps/axios.js?v=d096a14f:2365:19)
    at Axios.request (http://localhost:3000/_nuxt/node_modules/.cache/vite/client/deps/axios.js?v=d096a14f:3340:43)
    at async request (http://localhost:3000/_nuxt/client/client/client.gen.ts:55:24)
    at async Object.getIBoardBoard (http://localhost:3000/_nuxt/client/stockService.ts?t=1791065583511:86:15)
    at async loadBoardData (http://localhost:3000/_nuxt/pages/iboard/index.vue?t=1791066583601:397:17) @ http://localhost:3000/_nuxt/pages/iboard/index.vue?t=1791066583601:411
[30708506ms] [ERROR] Failed to load resource: net::ERR_CONNECTION_REFUSED @ http://localhost:3000/api/v1/stock/iboard/board?category=listed&group=VN30&limit=100:0
[30714505ms] [WARNING] Could not fetch indices from backend: AxiosError: Network Error
    at XMLHttpRequest.handleError (http://localhost:3000/_nuxt/node_modules/.cache/vite/client/deps/axios.js?v=d096a14f:2365:19)
    at Axios.request (http://localhost:3000/_nuxt/node_modules/.cache/vite/client/deps/axios.js?v=d096a14f:3340:43)
    at async request (http://localhost:3000/_nuxt/client/client/client.gen.ts:55:24)
    at async Object.getIBoardIndices (http://localhost:3000/_nuxt/client/stockService.ts?t=1791065583511:79:15)
    at async loadIndices (http://localhost:3000/_nuxt/pages/iboard/index.vue?t=1791066583601:310:17) @ http://localhost:3000/_nuxt/pages/iboard/index.vue?t=1791066583601:390
[30714505ms] [ERROR] Failed to load resource: net::ERR_CONNECTION_REFUSED @ http://localhost:3000/api/v1/stock/iboard/indices:0
[30714505ms] [WARNING] Could not fetch board data from backend: AxiosError: Network Error
    at XMLHttpRequest.handleError (http://localhost:3000/_nuxt/node_modules/.cache/vite/client/deps/axios.js?v=d096a14f:2365:19)
    at Axios.request (http://localhost:3000/_nuxt/node_modules/.cache/vite/client/deps/axios.js?v=d096a14f:3340:43)
    at async request (http://localhost:3000/_nuxt/client/client/client.gen.ts:55:24)
    at async Object.getIBoardBoard (http://localhost:3000/_nuxt/client/stockService.ts?t=1791065583511:86:15)
    at async loadBoardData (http://localhost:3000/_nuxt/pages/iboard/index.vue?t=1791066583601:397:17) @ http://localhost:3000/_nuxt/pages/iboard/index.vue?t=1791066583601:411
[30714505ms] [ERROR] Failed to load resource: net::ERR_CONNECTION_REFUSED @ http://localhost:3000/api/v1/stock/iboard/board?category=listed&group=VN30&limit=100:0
[30720504ms] [WARNING] Could not fetch indices from backend: AxiosError: Network Error
    at XMLHttpRequest.handleError (http://localhost:3000/_nuxt/node_modules/.cache/vite/client/deps/axios.js?v=d096a14f:2365:19)
    at Axios.request (http://localhost:3000/_nuxt/node_modules/.cache/vite/client/deps/axios.js?v=d096a14f:3340:43)
    at async request (http://localhost:3000/_nuxt/client/client/client.gen.ts:55:24)
    at async Object.getIBoardIndices (http://localhost:3000/_nuxt/client/stockService.ts?t=1791065583511:79:15)
    at async loadIndices (http://localhost:3000/_nuxt/pages/iboard/index.vue?t=1791066583601:310:17) @ http://localhost:3000/_nuxt/pages/iboard/index.vue?t=1791066583601:390
[30720505ms] [ERROR] Failed to load resource: net::ERR_CONNECTION_REFUSED @ http://localhost:3000/api/v1/stock/iboard/indices:0
[30720506ms] [WARNING] Could not fetch board data from backend: AxiosError: Network Error
    at XMLHttpRequest.handleError (http://localhost:3000/_nuxt/node_modules/.cache/vite/client/deps/axios.js?v=d096a14f:2365:19)
    at Axios.request (http://localhost:3000/_nuxt/node_modules/.cache/vite/client/deps/axios.js?v=d096a14f:3340:43)
    at async request (http://localhost:3000/_nuxt/client/client/client.gen.ts:55:24)
    at async Object.getIBoardBoard (http://localhost:3000/_nuxt/client/stockService.ts?t=1791065583511:86:15)
    at async loadBoardData (http://localhost:3000/_nuxt/pages/iboard/index.vue?t=1791066583601:397:17) @ http://localhost:3000/_nuxt/pages/iboard/index.vue?t=1791066583601:411
[30720506ms] [ERROR] Failed to load resource: net::ERR_CONNECTION_REFUSED @ http://localhost:3000/api/v1/stock/iboard/board?category=listed&group=VN30&limit=100:0
